// Jest Snapshot v1, https://goo.gl/fbAQLP

exports[`connected 1`] = `
<Authentication
  checkUser={[Function]}
  loginUser={[Function]}
  removeStoredData={[Function]}
  session={
    Object {
      "error": false,
      "loginFailed": false,
      "pending": false,
    }
  }
  storeData={[Function]}
>
  <span
    className="test"
  >
    lorem
  </span>
</Authentication>
`;

exports[`expected state 1`] = `
Object {
  "email": "",
  "emailError": "Email must be valid",
  "formTouched": true,
  "formValid": false,
  "password": "123",
  "passwordError": "",
  "remember": true,
}
`;

exports[`post-authorization 1`] = `
<span
  class="test"
>
  lorem
</span>
`;
