// Jest Snapshot v1, https://goo.gl/fbAQLP

exports[`ToastNotificationsList Component should render a basic component 1`] = `
<div
  class="toast-notifications-list-pf"
>
  <div
    class="alert toast-pf alert-success alert-dismissable"
  >
    <button
      aria-hidden="true"
      class="close close-default"
      type="button"
    >
      <span
        aria-hidden="true"
        class="pficon pficon-close"
      />
    </button>
    <span
      aria-hidden="true"
      class="pficon pficon-ok"
    />
    <span>
      <strong>
        ipsum
      </strong>
       Â ipsum
    </span>
  </div>
</div>
`;
