// Jest Snapshot v1, https://goo.gl/fbAQLP

exports[`AccountView Component should not display a wizard 1`] = `null`;

exports[`connected 1`] = `
<Wizard
  className=""
  dialogClassName=""
  onClose={[Function]}
  onExited={[Function]}
  show={true}
>
  <WizardHeader
    onClose={[Function]}
    title="Add Account"
  />
  <WizardBody
    className=""
  >
    <WizardSteps
      className=""
      steps={
        Array [
          <WizardStep
            activeStep={1}
            className=""
            label="1"
            onClick={[Function]}
            step={1}
            stepIndex={0}
            title="Policy"
          />,
          <WizardStep
            activeStep={1}
            className=""
            label="2"
            onClick={[Function]}
            step={2}
            stepIndex={1}
            title="Role"
          />,
          <WizardStep
            activeStep={1}
            className=""
            label="3"
            onClick={[Function]}
            step={3}
            stepIndex={2}
            title="ARN"
          />,
          <WizardStep
            activeStep={1}
            className=""
            label="4"
            onClick={[Function]}
            step={4}
            stepIndex={3}
            title="Results"
          />,
        ]
      }
    />
    <WizardRow
      className=""
    >
      <WizardMain
        className=""
      >
        <WizardContents
          activeStepIndex={0}
          activeSubStepIndex={null}
          className=""
          key="Policy"
          stepIndex={0}
          subStepIndex={null}
        >
          <Connect(AccountWizardStepPolicy) />
        </WizardContents>
        <WizardContents
          activeStepIndex={0}
          activeSubStepIndex={null}
          className=""
          key="Role"
          stepIndex={1}
          subStepIndex={null}
        >
          <Connect(AccountWizardStepRole) />
        </WizardContents>
        <WizardContents
          activeStepIndex={0}
          activeSubStepIndex={null}
          className=""
          key="ARN"
          stepIndex={2}
          subStepIndex={null}
        >
          <Connect(AccountWizardStepArn) />
        </WizardContents>
        <WizardContents
          activeStepIndex={0}
          activeSubStepIndex={null}
          className=""
          key="Results"
          stepIndex={3}
          subStepIndex={null}
        >
          <Connect(AccountWizardStepResults) />
        </WizardContents>
      </WizardMain>
    </WizardRow>
  </WizardBody>
  <WizardFooter
    className=""
  >
    <Button
      active={false}
      block={false}
      bsClass="btn"
      bsStyle="default"
      className="btn-cancel"
      disabled={false}
      onClick={[Function]}
    >
      Cancel
    </Button>
    <Button
      active={false}
      block={false}
      bsClass="btn"
      bsStyle="default"
      disabled={true}
      onClick={[Function]}
    >
      <Icon
        name="angle-left"
        type="fa"
      />
      Back
    </Button>
    <Button
      active={false}
      block={false}
      bsClass="btn"
      bsStyle="primary"
      disabled={true}
      onClick={[Function]}
    >
      Next
      <Icon
        name="angle-right"
        type="fa"
      />
    </Button>
  </WizardFooter>
</Wizard>
`;
